0 verbose cli /usr/local/bin/node /usr/local/lib/node_modules/npm/bin/npm-cli.js
1 info using npm@10.9.8
2 info using node@v22.23.1
3 silly config load:file:/usr/local/lib/node_modules/npm/npmrc
4 silly config load:file:/tmp/jobs/0f2ab268-9cf0-433c-917b-107ef2032ef9/.npmrc
5 silly config load:file:/usr/local/etc/npmrc
6 verbose title npm exec tsc --noEmit
7 verbose argv "exec" "--" "tsc" "--noEmit"
8 verbose logfile logs-max:10 dir:/tmp/jobs/0f2ab268-9cf0-433c-917b-107ef2032ef9/.npm/_logs/2026-07-27T22_02_17_690Z-
9 verbose logfile /tmp/jobs/0f2ab268-9cf0-433c-917b-107ef2032ef9/.npm/_logs/2026-07-27T22_02_17_690Z-debug-0.log
10 silly logfile done cleaning log files
11 silly packumentCache heap:2197815296 maxSize:549453824 maxEntrySize:274726912
12 http fetch GET 200 https://registry.npmjs.org/tsc 49ms (cache miss)
13 silly packumentCache heap:2197815296 maxSize:549453824 maxEntrySize:274726912
14 http fetch GET 200 https://registry.npmjs.org/npm 164ms
15 silly packumentCache heap:2197815296 maxSize:549453824 maxEntrySize:274726912
16 warn exec The following package was not found and will be installed: tsc@2.0.4
17 silly idealTree buildDeps
18 silly fetch manifest tsc@2.0.4
19 silly packumentCache full:https://registry.npmjs.org/tsc cache-miss
20 http fetch GET 200 https://registry.npmjs.org/tsc 25ms (cache miss)
21 silly packumentCache full:https://registry.npmjs.org/tsc set size:undefined disposed:false
22 silly placeDep ROOT tsc@2.0.4 OK for:  want: 2.0.4
23 silly reify moves {}
24 silly audit bulk request { tsc: [ '2.0.4' ] }
25 http cache tsc@https://registry.npmjs.org/tsc/-/tsc-2.0.4.tgz 0ms (cache hit)
26 silly tarball no local data for tsc@https://registry.npmjs.org/tsc/-/tsc-2.0.4.tgz. Extracting by manifest.
27 http fetch GET 200 https://registry.npmjs.org/tsc/-/tsc-2.0.4.tgz 36ms (cache miss)
28 warn deprecated tsc@2.0.4: Package no longer supported. Contact Support at https://www.npmjs.com/support for more info.
29 http fetch POST 200 https://registry.npmjs.org/-/npm/v1/security/advisories/bulk 178ms
30 silly audit report {}
31 verbose cwd /tmp/jobs/0f2ab268-9cf0-433c-917b-107ef2032ef9
32 verbose os Linux 6.8.0-134-generic
33 verbose node v22.23.1
34 verbose npm  v10.9.8
35 notice
35 notice New major version of npm available! 10.9.8 -> 12.0.1
35 notice Changelog: https://github.com/npm/cli/releases/tag/v12.0.1
35 notice To update run: npm install -g npm@12.0.1
35 notice  { force: true, [Symbol(proc-log.meta)]: true }
36 verbose exit 1
37 verbose code 1
